// Vitest Snapshot v1

exports[`remark > should generate ast 1`] = `
{
  "children": [
    {
      "children": [
        {
          "type": "text",
          "value": "a ",
        },
        {
          "children": [],
          "data": {
            "hChildren": [
              {
                "type": "text",
                "value": "b",
              },
            ],
            "hName": "span",
            "hProperties": {
              "className": [
                "mark",
              ],
            },
          },
          "hName": "",
          "type": "emphasis",
        },
      ],
      "type": "paragraph",
    },
  ],
  "type": "root",
}
`;
